ASxxxx Linker V03.00/V05.40 + sdld,  page 1.
Hexadecimal  [32-Bits]

Area                                    Addr        Size        Decimal Bytes (Attributes)
--------------------------------        ----        ----        ------- ----- ------------
CABS                                00000000    00000000 =           0. bytes (ABS,CON,CODE)

      Value  Global                              Global Defined In Module
      -----  --------------------------------   ------------------------
C:   00000000  l_BIT_BANK                      
C:   00000000  l_BSEG                          
C:   00000000  l_BSEG_BYTES                    
C:   00000000  l_CABS                          
C:   00000000  l_CONST                         
C:   00000000  l_GSINIT1                       
C:   00000000  l_GSINIT5                       
C:   00000000  l_IABS                          
C:   00000000  l_ISEG                          
C:   00000000  l_OSEG                          
C:   00000000  l_PSEG                          
C:   00000000  l_REG_BANK_1                    
C:   00000000  l_REG_BANK_2                    
C:   00000000  l_REG_BANK_3                    
C:   00000000  l_RSEG                          
C:   00000000  l_RSEG0                         
C:   00000000  l_RSEG1                         
C:   00000000  l_XABS                          
C:   00000000  l_XINIT                         
C:   00000000  l_XISEG                         
C:   00000000  l_XSEG                          
C:   00000000  l__CODE                         
C:   00000000  s_BSEG                          
C:   00000000  s_CABS                          
C:   00000000  s_DSEG                          
C:   00000000  s_HOME                          
C:   00000000  s_IABS                          
C:   00000000  s_ISEG                          
C:   00000000  s_REG_BANK_0                    
C:   00000000  s_RSEG                          
C:   00000000  s_RSEG0                         
C:   00000000  s_RSEG1                         
C:   00000000  s_XABS                          
C:   00000001  s_PSEG                          
C:   00000001  s_XISEG                         
C:   00000001  s_XSEG                          
C:   00000003  l_GSFINAL                       
C:   00000003  l_GSINIT0                       
C:   00000006  l_GSINIT                        
C:   00000008  l_REG_BANK_0                    
C:   00000008  s_REG_BANK_1                    
C:   0000000A  l_GSINIT2                       
C:   0000000A  s_SSEG                          
C:   00000010  s_REG_BANK_2                    
C:   00000018  s_BIT_BANK                      
C:   00000018  s_OSEG                          
C:   00000018  s_REG_BANK_3                    
C:   00000019  l_HOME                          
C:   00000019  s_GSINIT0                       
C:   0000001C  s_GSINIT1                       
ASxxxx Linker V03.00/V05.40 + sdld,  page 2.
Hexadecimal  [32-Bits]

Area                                    Addr        Size        Decimal Bytes (Attributes)
--------------------------------        ----        ----        ------- ----- ------------
CABS                                00000000    00000000 =           0. bytes (ABS,CON,CODE)

      Value  Global                              Global Defined In Module
      -----  --------------------------------   ------------------------
C:   0000001C  s_GSINIT2                       
C:   00000020  s_BSEG_BYTES                    
C:   00000020  s__CODE                         
C:   00000022  l_GSINIT3                       
C:   00000026  s_GSINIT3                       
C:   0000002A  l_GSINIT4                       
C:   00000048  s_GSINIT4                       
C:   00000072  s_GSINIT                        
C:   00000072  s_GSINIT5                       
C:   00000078  s_GSFINAL                       
C:   0000007B  s_CSEG                          
C:   00000080  l_DSEG                          
C:   000000D7  l_CSEG                          
C:   000000F6  l_SSEG                          
C:   00000100  l_IRAM                          
C:   00000152  s_CONST                         
C:   00000152  s_XINIT                         

ASxxxx Linker V03.00/V05.40 + sdld,  page 3.
Hexadecimal  [32-Bits]

Area                                    Addr        Size        Decimal Bytes (Attributes)
--------------------------------        ----        ----        ------- ----- ------------
.  .ABS.                            00000000    00000000 =           0. bytes (ABS,CON)

      Value  Global                              Global Defined In Module
      -----  --------------------------------   ------------------------
     00000000  .__.ABS.                           _startup
     00000080  _P0                                unipolar
     00000080  _P0_0                              unipolar
     00000081  _P0_1                              unipolar
     00000081  _SP                                unipolar
     00000082  _DPL                               unipolar
     00000082  _P0_2                              unipolar
     00000083  _DPH                               unipolar
     00000083  _P0_3                              unipolar
     00000084  _P0_4                              unipolar
     00000085  _P0_5                              unipolar
     00000086  _P0_6                              unipolar
     00000087  _P0_7                              unipolar
     00000087  _PCON                              unipolar
     00000088  _IT0                               unipolar
     00000088  _TCON                              unipolar
     00000089  _IE0                               unipolar
     00000089  _TMOD                              unipolar
     0000008A  _IT1                               unipolar
     0000008A  _TL0                               unipolar
     0000008B  _IE1                               unipolar
     0000008B  _TL1                               unipolar
     0000008C  _TH0                               unipolar
     0000008C  _TR0                               unipolar
     0000008D  _TF0                               unipolar
     0000008D  _TH1                               unipolar
     0000008E  _TR1                               unipolar
     0000008F  _TF1                               unipolar
     00000090  _P1                                unipolar
     00000090  _P1_0                              unipolar
     00000091  _P1_1                              unipolar
     00000092  _P1_2                              unipolar
     00000093  _P1_3                              unipolar
     00000094  _P1_4                              unipolar
     00000095  _P1_5                              unipolar
     00000096  _P1_6                              unipolar
     00000097  _P1_7                              unipolar
     00000098  _RI                                unipolar
     00000098  _SCON                              unipolar
     00000099  _SBUF                              unipolar
     00000099  _TI                                unipolar
     0000009A  _RB8                               unipolar
     0000009B  _TB8                               unipolar
     0000009C  _REN                               unipolar
     0000009D  _SM2                               unipolar
     0000009E  _SM1                               unipolar
     0000009F  _SM0                               unipolar
     000000A0  _P2                                unipolar
     000000A0  _P2_0                              unipolar
     000000A0  __XPAGE                            
ASxxxx Linker V03.00/V05.40 + sdld,  page 4.
Hexadecimal  [32-Bits]

Area                                    Addr        Size        Decimal Bytes (Attributes)
--------------------------------        ----        ----        ------- ----- ------------
.  .ABS.                            00000000    00000000 =           0. bytes (ABS,CON)

      Value  Global                              Global Defined In Module
      -----  --------------------------------   ------------------------
     000000A1  _P2_1                              unipolar
     000000A2  _P2_2                              unipolar
     000000A3  _P2_3                              unipolar
     000000A4  _P2_4                              unipolar
     000000A5  _P2_5                              unipolar
     000000A6  _P2_6                              unipolar
     000000A7  _P2_7                              unipolar
     000000A8  _EX0                               unipolar
     000000A8  _IE                                unipolar
     000000A9  _ET0                               unipolar
     000000AA  _EX1                               unipolar
     000000AB  _ET1                               unipolar
     000000AC  _ES                                unipolar
     000000AF  _EA                                unipolar
     000000B0  _P3                                unipolar
     000000B0  _P3_0                              unipolar
     000000B0  _RXD                               unipolar
     000000B1  _P3_1                              unipolar
     000000B1  _TXD                               unipolar
     000000B2  _INT0                              unipolar
     000000B2  _P3_2                              unipolar
     000000B3  _INT1                              unipolar
     000000B3  _P3_3                              unipolar
     000000B4  _P3_4                              unipolar
     000000B4  _T0                                unipolar
     000000B5  _P3_5                              unipolar
     000000B5  _T1                                unipolar
     000000B6  _P3_6                              unipolar
     000000B6  _WR                                unipolar
     000000B7  _P3_7                              unipolar
     000000B7  _RD                                unipolar
     000000B8  _IP                                unipolar
     000000B8  _PX0                               unipolar
     000000B9  _PT0                               unipolar
     000000BA  _PX1                               unipolar
     000000BB  _PT1                               unipolar
     000000BC  _PS                                unipolar
     000000D0  _P                                 unipolar
     000000D0  _PSW                               unipolar
     000000D1  _F1                                unipolar
     000000D2  _OV                                unipolar
     000000D3  _RS0                               unipolar
     000000D4  _RS1                               unipolar
     000000D5  _F0                                unipolar
     000000D6  _AC                                unipolar
     000000D7  _CY                                unipolar
     000000E0  _ACC                               unipolar
     000000F0  _B                                 unipolar

ASxxxx Linker V03.00/V05.40 + sdld,  page 5.
Hexadecimal  [32-Bits]

Area                                    Addr        Size        Decimal Bytes (Attributes)
--------------------------------        ----        ----        ------- ----- ------------
REG_BANK_0                          00000000    00000008 =           8. bytes (REL,OVR)

      Value  Global                              Global Defined In Module
      -----  --------------------------------   ------------------------
ASxxxx Linker V03.00/V05.40 + sdld,  page 6.
Hexadecimal  [32-Bits]

Area                                    Addr        Size        Decimal Bytes (Attributes)
--------------------------------        ----        ----        ------- ----- ------------
DSEG                                00000000    00000080 =         128. bytes (REL,CON)

      Value  Global                              Global Defined In Module
      -----  --------------------------------   ------------------------
     00000008  _direction                         unipolar
     00000009  _StepCount                         unipolar

ASxxxx Linker V03.00/V05.40 + sdld,  page 7.
Hexadecimal  [32-Bits]

Area                                    Addr        Size        Decimal Bytes (Attributes)
--------------------------------        ----        ----        ------- ----- ------------
SSEG                                0000000A    000000F6 =         246. bytes (REL,OVR)

      Value  Global                              Global Defined In Module
      -----  --------------------------------   ------------------------
     0000000A  __start__stack                     unipolar

ASxxxx Linker V03.00/V05.40 + sdld,  page 8.
Hexadecimal  [32-Bits]

Area                                    Addr        Size        Decimal Bytes (Attributes)
--------------------------------        ----        ----        ------- ----- ------------
HOME                                00000000    00000019 =          25. bytes (REL,CON,CODE)

      Value  Global                              Global Defined In Module
      -----  --------------------------------   ------------------------
C:   00000016  __sdcc_program_startup             unipolar

ASxxxx Linker V03.00/V05.40 + sdld,  page 9.
Hexadecimal  [32-Bits]

Area                                    Addr        Size        Decimal Bytes (Attributes)
--------------------------------        ----        ----        ------- ----- ------------
GSINIT0                             00000019    00000003 =           3. bytes (REL,CON,CODE)

      Value  Global                              Global Defined In Module
      -----  --------------------------------   ------------------------
C:   00000019  __sdcc_gsinit_startup              

ASxxxx Linker V03.00/V05.40 + sdld,  page 10.
Hexadecimal  [32-Bits]

Area                                    Addr        Size        Decimal Bytes (Attributes)
--------------------------------        ----        ----        ------- ----- ------------
GSINIT2                             0000001C    0000000A =          10. bytes (REL,CON,CODE)

      Value  Global                              Global Defined In Module
      -----  --------------------------------   ------------------------
ASxxxx Linker V03.00/V05.40 + sdld,  page 11.
Hexadecimal  [32-Bits]

Area                                    Addr        Size        Decimal Bytes (Attributes)
--------------------------------        ----        ----        ------- ----- ------------
GSINIT3                             00000026    00000022 =          34. bytes (REL,CON,CODE)

      Value  Global                              Global Defined In Module
      -----  --------------------------------   ------------------------
C:   00000026  __mcs51_genXINIT                   

ASxxxx Linker V03.00/V05.40 + sdld,  page 12.
Hexadecimal  [32-Bits]

Area                                    Addr        Size        Decimal Bytes (Attributes)
--------------------------------        ----        ----        ------- ----- ------------
GSINIT4                             00000048    0000002A =          42. bytes (REL,CON,CODE)

      Value  Global                              Global Defined In Module
      -----  --------------------------------   ------------------------
C:   00000048  __mcs51_genRAMCLEAR                
C:   0000004E  __mcs51_genXRAMCLEAR               

ASxxxx Linker V03.00/V05.40 + sdld,  page 13.
Hexadecimal  [32-Bits]

Area                                    Addr        Size        Decimal Bytes (Attributes)
--------------------------------        ----        ----        ------- ----- ------------
GSINIT                              00000072    00000006 =           6. bytes (REL,CON,CODE)

      Value  Global                              Global Defined In Module
      -----  --------------------------------   ------------------------
ASxxxx Linker V03.00/V05.40 + sdld,  page 14.
Hexadecimal  [32-Bits]

Area                                    Addr        Size        Decimal Bytes (Attributes)
--------------------------------        ----        ----        ------- ----- ------------
GSFINAL                             00000078    00000003 =           3. bytes (REL,CON,CODE)

      Value  Global                              Global Defined In Module
      -----  --------------------------------   ------------------------
ASxxxx Linker V03.00/V05.40 + sdld,  page 15.
Hexadecimal  [32-Bits]

Area                                    Addr        Size        Decimal Bytes (Attributes)
--------------------------------        ----        ----        ------- ----- ------------
CSEG                                0000007B    000000D7 =         215. bytes (REL,CON,CODE)

      Value  Global                              Global Defined In Module
      -----  --------------------------------   ------------------------
C:   0000007B  _ex1_isr                           unipolar
C:   000000AB  _main                              unipolar
C:   0000014E  ___sdcc_external_startup           _startup
ASxxxx Linker V03.00/V05.40 + sdld,  page 16.

Files Linked                              [ module(s) ]

unipolar.rel                              [  ]


Libraries Linked                          [ object file ]

C:\Program Files (x86)\SDCC\bin\..\lib\small/mcs51.lib
                                          [ crtclear.rel ]
C:\Program Files (x86)\SDCC\bin\..\lib\small/mcs51.lib
                                          [ crtxinit.rel ]
C:\Program Files (x86)\SDCC\bin\..\lib\small/mcs51.lib
                                          [ crtxclear.rel ]
C:\Program Files (x86)\SDCC\bin\..\lib\small/mcs51.lib
                                          [ crtpagesfr.rel ]
C:\Program Files (x86)\SDCC\bin\..\lib\small/mcs51.lib
                                          [ crtstart.rel ]
C:\Program Files (x86)\SDCC\bin\..\lib\small/libsdcc.lib
                                          [ _startup.rel ]

ASxxxx Linker V03.00/V05.40 + sdld,  page 17.

User Base Address Definitions

HOME = 0x0000
XSEG = 0x0001
PSEG = 0x0001
ISEG = 0x0000
BSEG = 0x0000

